======================================================================
BATCH COMPARISON: Adaptive MCMC vs Uniform Sampling
======================================================================

Configuration:
  Maps per complexity level: 30
  Trials per map: 1
  Seed range: 100 - 189
  Total trials per agent: 90
  Output directory: results/full_experiment_v3

Agents:
  - RRTAgent
  - AdaptiveMCMCAgent

============================================================
Starting Experiment
============================================================
Agents: ['RRTAgent', 'AdaptiveMCMCAgent']
Complexity levels: ['easy', 'medium', 'hard']
Seed offset: 100

============================================================
Experiment Setup
============================================================
Total trials to run: 90
Total unique maps: 90
Output directory: results/full_experiment_v3
============================================================


--- EASY Complexity ---
Grid size: (6, 6)
Maps: 30, Trials per map: 1
Generating 30 mazes for easy complexity (seeds 100-129)

  Agent: RRTAgent
    Progress: 10/180 (5.6%)    Progress: 20/180 (11.1%)    Progress: 30/180 (16.7%)
    RRTAgent: 30/30 success (100.0%), avg time: 1.584s

  Agent: AdaptiveMCMCAgent
    Progress: 40/180 (22.2%)    Progress: 50/180 (27.8%)    Progress: 60/180 (33.3%)
    AdaptiveMCMCAgent: 30/30 success (100.0%), avg time: 13.153s

--- MEDIUM Complexity ---
Grid size: (8, 8)
Maps: 30, Trials per map: 1
Generating 30 mazes for medium complexity (seeds 130-159)

  Agent: RRTAgent
    Progress: 70/180 (38.9%)    Progress: 80/180 (44.4%)    Progress: 90/180 (50.0%)
    RRTAgent: 17/30 success (56.7%), avg time: 20.559s

  Agent: AdaptiveMCMCAgent
ℹ️  Best-effort partial path at step 0: reached 105.37 from target
ℹ️  Best-effort partial path at step 0: reached 105.37 from target
ℹ️  Best-effort partial path at step 0: reached 105.37 from target
ℹ️  Best-effort partial path at step 0: reached 105.37 from target
ℹ️  Best-effort partial path at step 0: reached 105.37 from target
ℹ️  Best-effort partial path at step 0: reached 105.37 from target
ℹ️  Best-effort partial path at step 0: reached 105.37 from target
ℹ️  Best-effort partial path at step 0: reached 105.37 from target
ℹ️  Best-effort partial path at step 0: reached 105.37 from target
ℹ️  Best-effort partial path at step 0: reached 105.37 from target
⚠️  Navigation stalled after 10 iterations with no progress. Giving up.
ℹ️  Best-effort partial path at step 0: reached 92.49 from target
ℹ️  Best-effort partial path at step 0: reached 92.49 from target
ℹ️  Best-effort partial path at step 0: reached 92.49 from target
ℹ️  Best-effort partial path at step 0: reached 92.49 from target
ℹ️  Best-effort partial path at step 0: reached 92.49 from target
ℹ️  Best-effort partial path at step 0: reached 92.49 from target
ℹ️  Best-effort partial path at step 0: reached 92.49 from target
ℹ️  Best-effort partial path at step 0: reached 92.49 from target
ℹ️  Best-effort partial path at step 0: reached 92.49 from target
ℹ️  Best-effort partial path at step 0: reached 92.49 from target
⚠️  Navigation stalled after 10 iterations with no progress. Giving up.
ℹ️  Best-effort partial path at step 0: reached 99.97 from target
ℹ️  Best-effort partial path at step 0: reached 99.97 from target
ℹ️  Best-effort partial path at step 0: reached 99.97 from target
ℹ️  Best-effort partial path at step 0: reached 99.97 from target
ℹ️  Best-effort partial path at step 0: reached 99.97 from target
ℹ️  Best-effort partial path at step 0: reached 99.97 from target
ℹ️  Best-effort partial path at step 0: reached 99.97 from target
ℹ️  Best-effort partial path at step 0: reached 99.97 from target
ℹ️  Best-effort partial path at step 0: reached 99.97 from target
ℹ️  Best-effort partial path at step 0: reached 99.97 from target
⚠️  Navigation stalled after 10 iterations with no progress. Giving up.
ℹ️  Best-effort partial path at step 0: reached 104.69 from target
ℹ️  Best-effort partial path at step 0: reached 104.69 from target
ℹ️  Best-effort partial path at step 0: reached 104.69 from target
ℹ️  Best-effort partial path at step 0: reached 104.69 from target
ℹ️  Best-effort partial path at step 0: reached 104.69 from target
ℹ️  Best-effort partial path at step 0: reached 104.69 from target
ℹ️  Best-effort partial path at step 0: reached 104.69 from target
ℹ️  Best-effort partial path at step 0: reached 104.69 from target
ℹ️  Best-effort partial path at step 0: reached 104.69 from target
ℹ️  Best-effort partial path at step 0: reached 104.69 from target
⚠️  Navigation stalled after 10 iterations with no progress. Giving up.
    Progress: 100/180 (55.6%)ℹ️  Best-effort partial path at step 0: reached 84.13 from target
ℹ️  Best-effort partial path at step 0: reached 84.13 from target
ℹ️  Best-effort partial path at step 0: reached 84.13 from target
ℹ️  Best-effort partial path at step 0: reached 84.13 from target
ℹ️  Best-effort partial path at step 0: reached 84.13 from target
ℹ️  Best-effort partial path at step 0: reached 84.13 from target
ℹ️  Best-effort partial path at step 0: reached 84.13 from target
ℹ️  Best-effort partial path at step 0: reached 84.13 from target
ℹ️  Best-effort partial path at step 0: reached 84.13 from target
ℹ️  Best-effort partial path at step 0: reached 84.13 from target
⚠️  Navigation stalled after 10 iterations with no progress. Giving up.
ℹ️  Best-effort partial path at step 0: reached 84.04 from target
ℹ️  Best-effort partial path at step 0: reached 84.04 from target
ℹ️  Best-effort partial path at step 0: reached 84.04 from target
ℹ️  Best-effort partial path at step 0: reached 84.04 from target
ℹ️  Best-effort partial path at step 0: reached 84.04 from target
ℹ️  Best-effort partial path at step 0: reached 84.04 from target
ℹ️  Best-effort partial path at step 0: reached 84.04 from target
ℹ️  Best-effort partial path at step 0: reached 84.04 from target
ℹ️  Best-effort partial path at step 0: reached 84.04 from target
ℹ️  Best-effort partial path at step 0: reached 84.04 from target
⚠️  Navigation stalled after 10 iterations with no progress. Giving up.
ℹ️  Best-effort partial path at step 0: reached 102.14 from target
ℹ️  Best-effort partial path at step 0: reached 102.14 from target
ℹ️  Best-effort partial path at step 0: reached 102.14 from target
ℹ️  Best-effort partial path at step 0: reached 102.14 from target
ℹ️  Best-effort partial path at step 0: reached 102.14 from target
ℹ️  Best-effort partial path at step 0: reached 102.14 from target
ℹ️  Best-effort partial path at step 0: reached 102.14 from target
ℹ️  Best-effort partial path at step 0: reached 102.14 from target
ℹ️  Best-effort partial path at step 0: reached 102.14 from target
ℹ️  Best-effort partial path at step 0: reached 102.14 from target
⚠️  Navigation stalled after 10 iterations with no progress. Giving up.
ℹ️  Best-effort partial path at step 0: reached 98.75 from target
ℹ️  Best-effort partial path at step 0: reached 98.75 from target
ℹ️  Best-effort partial path at step 0: reached 98.75 from target
ℹ️  Best-effort partial path at step 0: reached 98.75 from target
ℹ️  Best-effort partial path at step 0: reached 98.75 from target
ℹ️  Best-effort partial path at step 0: reached 98.75 from target
ℹ️  Best-effort partial path at step 0: reached 98.75 from target
ℹ️  Best-effort partial path at step 0: reached 98.75 from target
ℹ️  Best-effort partial path at step 0: reached 98.75 from target
ℹ️  Best-effort partial path at step 0: reached 98.75 from target
⚠️  Navigation stalled after 10 iterations with no progress. Giving up.
ℹ️  Best-effort partial path at step 0: reached 94.05 from target
ℹ️  Best-effort partial path at step 0: reached 94.05 from target
ℹ️  Best-effort partial path at step 0: reached 94.05 from target